[platform.rethasoft.com/index.html]
[backblue.gif]
[fade.gif]
[index.html]
[platform.rethasoft.com/assets/img/favicon.png]
[platform.rethasoft.com/assets/css/bootstrap.min.css]
[platform.rethasoft.com/assets/css/owl.carousel.min.css]
[platform.rethasoft.com/assets/css/owl.theme.default.min.css]
[platform.rethasoft.com/assets/css/slick.css]
[platform.rethasoft.com/assets/css/fontawesome.min.css]
[platform.rethasoft.com/assets/css/slick-theme.css]
[platform.rethasoft.com/assets/css/jquery.fancybox.min.css]
[platform.rethasoft.com/assets/css/style088a.css]
[platform.rethasoft.com/assets/css/responsive.css]
[platform.rethasoft.com/assets/css/color.css]
[platform.rethasoft.com/assets/img/home-control-logo.jpg]
[platform.rethasoft.com/diensten.html]
[platform.rethasoft.com/prijslist.html]
[platform.rethasoft.com/keuring-aanvragen.html]
[platform.rethasoft.com/veel-gestelde-vragen.html]
[platform.rethasoft.com/contacteer-ons.html]
[platform.rethasoft.com/assets/img/home-control-logo.png]
[platform.rethasoft.com/img/slider/feature-image-for-energy-efficiency-65b8bf4561dad.jpg]
[platform.rethasoft.com/assets/img/icons/handshake.png]
[platform.rethasoft.com/assets/video-waarom-voor-ons-kiezen.mp4]
[platform.rethasoft.com/assets/img/battery-storage-2.jpg]
[platform.rethasoft.com/assets/img/battery-storage-3.jpg]
[platform.rethasoft.com/assets/img/check-mark.png]
[platform.rethasoft.com/assets/img/footer.jpg]
[platform.rethasoft.com/assets/js/jquery-3.6.0.min.js]
[platform.rethasoft.com/assets/js/bootstrap.min.js]
[platform.rethasoft.com/assets/js/owl.carousel.min.js]
[platform.rethasoft.com/assets/js/slick.min.js]
[platform.rethasoft.com/assets/js/jquery.fancybox.min.js]
[platform.rethasoft.com/assets/js/custom.js]
[platform.rethasoft.com/index.html]
[platform.rethasoft.com/assets/css/bootstrap.min.css]
[platform.rethasoft.com/assets/js/cartc164.js]
[platform.rethasoft.com/assets/css/owl.carousel.min.css]
[platform.rethasoft.com/assets/css/owl.theme.default.min.css]
[platform.rethasoft.com/assets/css/slick.css]
[platform.rethasoft.com/assets/fonts/fa-brands-400.woff2]
[platform.rethasoft.com/assets/fonts/fa-brands-400.ttf]
[platform.rethasoft.com/assets/fonts/fa-regular-400.woff2]
[platform.rethasoft.com/assets/fonts/fa-regular-400.ttf]
[platform.rethasoft.com/assets/fonts/fa-solid-900.woff2]
[platform.rethasoft.com/assets/fonts/fa-solid-900.ttf]
[platform.rethasoft.com/assets/fonts/fa-v4compatibility.woff2]
[platform.rethasoft.com/assets/fonts/fa-v4compatibility.ttf]
[platform.rethasoft.com/assets/css/fontawesome.min.css]
[platform.rethasoft.com/assets/css/slick-theme.css]
[platform.rethasoft.com/assets/css/jquery.fancybox.min.css]
[platform.rethasoft.com/assets/img/down-arrow.svg]
[platform.rethasoft.com/assets/img/down-arrow-clr.svg]
[platform.rethasoft.com/assets/img/remove.svg]
[platform.rethasoft.com/assets/css/style088a.css]
[platform.rethasoft.com/assets/css/responsive.css]
[platform.rethasoft.com/assets/css/color.css]
[platform.rethasoft.com/assets/img/down-arrow-2.svg]
[platform.rethasoft.com/assets/css/stylef430.css]
[platform.rethasoft.com/diensten.html]
[platform.rethasoft.com/assets/img/battery-storage-1.jpg]
[platform.rethasoft.com/prijslist.html]
[platform.rethasoft.com/keuring-aanvragen.html]
[platform.rethasoft.com/veel-gestelde-vragen.html]
[platform.rethasoft.com/contacteer-ons.html]
[wellconcept.co/html/energix/assets/css/owl.video.play.html]
[wellconcept.co/html/energix/assets/css/ajax-loader.html]
[platform.rethasoft.com/assets/img/down-arrow.svg]
[platform.rethasoft.com/assets/img/down-arrow-clr.svg]
[platform.rethasoft.com/assets/img/remove.svg]
[platform.rethasoft.com/assets/img/down-arrow-2.svg]
[platform.rethasoft.com/assets/css/stylef430.css]
[platform.rethasoft.com/assets/css/style3c25.css]
[platform.rethasoft.com/assets/css/style3c25.css]
